Error in file(filename, "r", encoding = encoding) : 
  cannot open the connection
In addition: Warning message:
In file(filename, "r", encoding = encoding) :
  cannot open file 'script.R': No such file or directory
